// Jest Snapshot v1, https://goo.gl/fbAQLP

exports[`it renders correclty 1`] = `[Function]`;

exports[`it renders correclty 2`] = `[Function]`;

exports[`it renders correclty 3`] = `[Function]`;
